
> frontend@1.0.0 build
> next build

Γû▓ Next.js 16.1.4 (Turbopack)

  Creating an optimized production build ...
node.exe : 
At line:1 char:1
+ & "C:\Program 
Files\nodejs/node.exe" "C:\Users
\mutee\AppData\Roaming\ ...
+ ~~~~~~~~~~~~~~~~~~~~~~~~~~~~~~
~~~~~~~~~~~~~~~~~~~~~~~~~~~~~~~~
~~~~~~~
    + CategoryInfo          : N 
   otSpecified: (:String) [],   
  RemoteException
    + FullyQualifiedErrorId : N 
   ativeCommandError
 
> Build error occurred
Error: Turbopack build failed 
with 5 errors:
./src/components/ui/dialog.tsx:4
:1
Module not found: Can't resolve 
'@base-ui/react/dialog'
[0m [90m 2 |[39m
 [90m 3 |[39m 
[36mimport[39m [33m*[39m 
[36mas[39m [33mReact[39m 
[36mfrom[39m [32m"react"[39m
[31m[1m>[22m[39m[90m 4 
|[39m [36mimport[39m { 
[33mDialog[39m [36mas[39m 
[33mDialogPrimitive[39m } 
[36mfrom[39m [32m"@base-ui/re
act/dialog"[39m
 [90m   |[39m [31m[1m^[22m
[39m[31m[1m^[22m[39m[31m[1
m^[22m[39m[31m[1m^[22m[39m
[31m[1m^[22m[39m[31m[1m^[
22m[39m[31m[1m^[22m[39m[31
m[1m^[22m[39m[31m[1m^[22m
[39m[31m[1m^[22m[39m[31m[1
m^[22m[39m[31m[1m^[22m[39m
[31m[1m^[22m[39m[31m[1m^[
22m[39m[31m[1m^[22m[39m[31
m[1m^[22m[39m[31m[1m^[22m
[39m[31m[1m^[22m[39m[31m[1
m^[22m[39m[31m[1m^[22m[39m
[31m[1m^[22m[39m[31m[1m^[
22m[39m[31m[1m^[22m[39m[31
m[1m^[22m[39m[31m[1m^[22m
[39m[31m[1m^[22m[39m[31m[1
m^[22m[39m[31m[1m^[22m[39m
[31m[1m^[22m[39m[31m[1m^[
22m[39m[31m[1m^[22m[39m[31
m[1m^[22m[39m[31m[1m^[22m
[39m[31m[1m^[22m[39m[31m[1
m^[22m[39m[31m[1m^[22m[39m
[31m[1m^[22m[39m[31m[1m^[
22m[39m[31m[1m^[22m[39m[31
m[1m^[22m[39m[31m[1m^[22m
[39m[31m[1m^[22m[39m[31m[1
m^[22m[39m[31m[1m^[22m[39m
[31m[1m^[22m[39m[31m[1m^[
22m[39m[31m[1m^[22m[39m[31
m[1m^[22m[39m[31m[1m^[22m
[39m[31m[1m^[22m[39m[31m[1
m^[22m[39m[31m[1m^[22m[39m
[31m[1m^[22m[39m[31m[1m^[
22m[39m[31m[1m^[22m[39m[31
m[1m^[22m[39m[31m[1m^[22m
[39m[31m[1m^[22m[39m[31m[1
m^[22m[39m[31m[1m^[22m[39m
[31m[1m^[22m[39m[31m[1m^[
22m[39m[31m[1m^[22m[39m[31
m[1m^[22m[39m[31m[1m^[22m
[39m
 [90m 5 |[39m
 [90m 6 |[39m 
[36mimport[39m { cn } 
[36mfrom[39m 
[32m"@/lib/utils"[39m
 [90m 7 |[39m 
[36mimport[39m { 
[33mButton[39m } 
[36mfrom[39m [32m"@/component
s/ui/button"[39m[0m



Import traces:
  Client Component Browser:
    
./src/components/ui/dialog.tsx 
[Client Component Browser]
    ./src/components/SendEmailMo
dal.tsx [Client Component 
Browser]
    ./src/app/crm/invoices/[Id]/
page.tsx [Client Component 
Browser]
    ./src/app/crm/invoices/[Id]/
page.tsx [Server Component]

  Client Component SSR:
    
./src/components/ui/dialog.tsx 
[Client Component SSR]
    ./src/components/SendEmailMo
dal.tsx [Client Component SSR]
    ./src/app/crm/invoices/[Id]/
page.tsx [Client Component SSR]
    ./src/app/crm/invoices/[Id]/
page.tsx [Server Component]

https://nextjs.org/docs/messages
/module-not-found


./src/components/ui/progress.tsx
:3:1
Module not found: Can't resolve 
'@base-ui/react/progress'
[0m [90m 1 |[39m [32m"use 
client"[39m
 [90m 2 |[39m
[31m[1m>[22m[39m[90m 3 
|[39m [36mimport[39m { 
[33mProgress[39m [36mas[39m 
[33mProgressPrimitive[39m } 
[36mfrom[39m [32m"@base-ui/re
act/progress"[39m
 [90m   |[39m [31m[1m^[22m
[39m[31m[1m^[22m[39m[31m[1
m^[22m[39m[31m[1m^[22m[39m
[31m[1m^[22m[39m[31m[1m^[
22m[39m[31m[1m^[22m[39m[31
m[1m^[22m[39m[31m[1m^[22m
[39m[31m[1m^[22m[39m[31m[1
m^[22m[39m[31m[1m^[22m[39m
[31m[1m^[22m[39m[31m[1m^[
22m[39m[31m[1m^[22m[39m[31
m[1m^[22m[39m[31m[1m^[22m
[39m[31m[1m^[22m[39m[31m[1
m^[22m[39m[31m[1m^[22m[39m
[31m[1m^[22m[39m[31m[1m^[
22m[39m[31m[1m^[22m[39m[31
m[1m^[22m[39m[31m[1m^[22m
[39m[31m[1m^[22m[39m[31m[1
m^[22m[39m[31m[1m^[22m[39m
[31m[1m^[22m[39m[31m[1m^[
22m[39m[31m[1m^[22m[39m[31
m[1m^[22m[39m[31m[1m^[22m
[39m[31m[1m^[22m[39m[31m[1
m^[22m[39m[31m[1m^[22m[39m
[31m[1m^[22m[39m[31m[1m^[
22m[39m[31m[1m^[22m[39m[31
m[1m^[22m[39m[31m[1m^[22m
[39m[31m[1m^[22m[39m[31m[1
m^[22m[39m[31m[1m^[22m[39m
[31m[1m^[22m[39m[31m[1m^[
22m[39m[31m[1m^[22m[39m[31
m[1m^[22m[39m[31m[1m^[22m
[39m[31m[1m^[22m[39m[31m[1
m^[22m[39m[31m[1m^[22m[39m
[31m[1m^[22m[39m[31m[1m^[
22m[39m[31m[1m^[22m[39m[31
m[1m^[22m[39m[31m[1m^[22m
[39m[31m[1m^[22m[39m[31m[1
m^[22m[39m[31m[1m^[22m[39m
[31m[1m^[22m[39m[31m[1m^[
22m[39m[31m[1m^[22m[39m[31
m[1m^[22m[39m[31m[1m^[22m
[39m[31m[1m^[22m[39m[31m[1
m^[22m[39m[31m[1m^[22m[39m
[31m[1m^[22m[39m[31m[1m^[
22m[39m[31m[1m^[22m[39m
 [90m 4 |[39m
 [90m 5 |[39m 
[36mimport[39m { cn } 
[36mfrom[39m 
[32m"@/lib/utils"[39m
 [90m 6 |[39m[0m



Import traces:
  Client Component Browser:
    ./src/components/ui/progress
.tsx [Client Component Browser]
    ./src/app/crm/page.tsx 
[Client Component Browser]
    ./src/app/crm/page.tsx 
[Server Component]

  Client Component SSR:
    ./src/components/ui/progress
.tsx [Client Component SSR]
    ./src/app/crm/page.tsx 
[Client Component SSR]
    ./src/app/crm/page.tsx 
[Server Component]

https://nextjs.org/docs/messages
/module-not-found


./src/components/ui/tabs.tsx:3:1
Module not found: Can't resolve 
'@base-ui/react/tabs'
[0m [90m 1 |[39m [32m"use 
client"[39m
 [90m 2 |[39m
[31m[1m>[22m[39m[90m 3 
|[39m [36mimport[39m { 
[33mTabs[39m [36mas[39m 
[33mTabsPrimitive[39m } 
[36mfrom[39m 
[32m"@base-ui/react/tabs"[39m
 [90m   |[39m [31m[1m^[22m
[39m[31m[1m^[22m[39m[31m[1
m^[22m[39m[31m[1m^[22m[39m
[31m[1m^[22m[39m[31m[1m^[
22m[39m[31m[1m^[22m[39m[31
m[1m^[22m[39m[31m[1m^[22m
[39m[31m[1m^[22m[39m[31m[1
m^[22m[39m[31m[1m^[22m[39m
[31m[1m^[22m[39m[31m[1m^[
22m[39m[31m[1m^[22m[39m[31
m[1m^[22m[39m[31m[1m^[22m
[39m[31m[1m^[22m[39m[31m[1
m^[22m[39m[31m[1m^[22m[39m
[31m[1m^[22m[39m[31m[1m^[
22m[39m[31m[1m^[22m[39m[31
m[1m^[22m[39m[31m[1m^[22m
[39m[31m[1m^[22m[39m[31m[1
m^[22m[39m[31m[1m^[22m[39m
[31m[1m^[22m[39m[31m[1m^[
22m[39m[31m[1m^[22m[39m[31
m[1m^[22m[39m[31m[1m^[22m
[39m[31m[1m^[22m[39m[31m[1
m^[22m[39m[31m[1m^[22m[39m
[31m[1m^[22m[39m[31m[1m^[
22m[39m[31m[1m^[22m[39m[31
m[1m^[22m[39m[31m[1m^[22m
[39m[31m[1m^[22m[39m[31m[1
m^[22m[39m[31m[1m^[22m[39m
[31m[1m^[22m[39m[31m[1m^[
22m[39m[31m[1m^[22m[39m[31
m[1m^[22m[39m[31m[1m^[22m
[39m[31m[1m^[22m[39m[31m[1
m^[22m[39m[31m[1m^[22m[39m
[31m[1m^[22m[39m[31m[1m^[
22m[39m[31m[1m^[22m[39m[31
m[1m^[22m[39m[31m[1m^[22m
[39m[31m[1m^[22m[39m[31m[1
m^[22m[39m
 [90m 4 |[39m 
[36mimport[39m { 
cva[33m,[39m type 
[33mVariantProps[39m } 
[36mfrom[39m [32m"class-varia
nce-authority"[39m
 [90m 5 |[39m
 [90m 6 |[39m 
[36mimport[39m { cn } 
[36mfrom[39m 
[32m"@/lib/utils"[39m[0m



Import traces:
  Client Component Browser:
    
./src/components/ui/tabs.tsx 
[Client Component Browser]
    ./src/app/crm/clients/[Id]/p
age.tsx [Client Component 
Browser]
    ./src/app/crm/clients/[Id]/p
age.tsx [Server Component]

  Client Component SSR:
    
./src/components/ui/tabs.tsx 
[Client Component SSR]
    ./src/app/crm/clients/[Id]/p
age.tsx [Client Component SSR]
    ./src/app/crm/clients/[Id]/p
age.tsx [Server Component]

https://nextjs.org/docs/messages
/module-not-found


./src/app/crm/invoices/[Id]/page
.tsx:10:1
Module not found: Can't resolve 
'jspdf'
[0m [90m  8 |[39m 
[36mimport[39m [33mLink[39m 
[36mfrom[39m 
[32m'next/link'[39m
 [90m  9 |[39m 
[36mimport[39m 
[33mSendEmailModal[39m 
[36mfrom[39m [32m'@/component
s/SendEmailModal'[39m
[31m[1m>[22m[39m[90m 10 
|[39m [36mimport[39m jsPDF 
[36mfrom[39m [32m"jspdf"[39m
 [90m    |[39m [31m[1m^[22m
[39m[31m[1m^[22m[39m[31m[
1m^[22m[39m[31m[1m^[22m[39
m[31m[1m^[22m[39m[31m[1m^
[22m[39m[31m[1m^[22m[39m[3
1m[1m^[22m[39m[31m[1m^[22m
[39m[31m[1m^[22m[39m[31m[
1m^[22m[39m[31m[1m^[22m[39
m[31m[1m^[22m[39m[31m[1m^
[22m[39m[31m[1m^[22m[39m[3
1m[1m^[22m[39m[31m[1m^[22m
[39m[31m[1m^[22m[39m[31m[
1m^[22m[39m[31m[1m^[22m[39
m[31m[1m^[22m[39m[31m[1m^
[22m[39m[31m[1m^[22m[39m[3
1m[1m^[22m[39m[31m[1m^[22m
[39m
 [90m 11 |[39m 
[36mimport[39m autoTable 
[36mfrom[39m 
[32m"jspdf-autotable"[39m
 [90m 12 |[39m
 [90m 13 |[39m 
[36mconst[39m mockInvoiceData 
[33m=[39m {[0m



Import traces:
  Client Component Browser:
    ./src/app/crm/invoices/[Id]/
page.tsx [Client Component 
Browser]
    ./src/app/crm/invoices/[Id]/
page.tsx [Server Component]

  Client Component SSR:
    ./src/app/crm/invoices/[Id]/
page.tsx [Client Component SSR]
    ./src/app/crm/invoices/[Id]/
page.tsx [Server Component]

https://nextjs.org/docs/messages
/module-not-found


./src/app/crm/invoices/[Id]/page
.tsx:11:1
Module not found: Can't resolve 
'jspdf-autotable'
[0m [90m  9 |[39m 
[36mimport[39m 
[33mSendEmailModal[39m 
[36mfrom[39m [32m'@/component
s/SendEmailModal'[39m
 [90m 10 |[39m 
[36mimport[39m jsPDF 
[36mfrom[39m [32m"jspdf"[39m
[31m[1m>[22m[39m[90m 11 
|[39m [36mimport[39m 
autoTable [36mfrom[39m 
[32m"jspdf-autotable"[39m
 [90m    |[39m [31m[1m^[22m
[39m[31m[1m^[22m[39m[31m[
1m^[22m[39m[31m[1m^[22m[39
m[31m[1m^[22m[39m[31m[1m^
[22m[39m[31m[1m^[22m[39m[3
1m[1m^[22m[39m[31m[1m^[22m
[39m[31m[1m^[22m[39m[31m[
1m^[22m[39m[31m[1m^[22m[39
m[31m[1m^[22m[39m[31m[1m^
[22m[39m[31m[1m^[22m[39m[3
1m[1m^[22m[39m[31m[1m^[22m
[39m[31m[1m^[22m[39m[31m[
1m^[22m[39m[31m[1m^[22m[39
m[31m[1m^[22m[39m[31m[1m^
[22m[39m[31m[1m^[22m[39m[3
1m[1m^[22m[39m[31m[1m^[22m
[39m[31m[1m^[22m[39m[31m[
1m^[22m[39m[31m[1m^[22m[39
m[31m[1m^[22m[39m[31m[1m^
[22m[39m[31m[1m^[22m[39m[3
1m[1m^[22m[39m[31m[1m^[22m
[39m[31m[1m^[22m[39m[31m[
1m^[22m[39m[31m[1m^[22m[39
m[31m[1m^[22m[39m[31m[1m^
[22m[39m[31m[1m^[22m[39m
 [90m 12 |[39m
 [90m 13 |[39m 
[36mconst[39m mockInvoiceData 
[33m=[39m {
 [90m 14 |[39m   
[35m1[39m[33m:[39m {[0m



Import traces:
  Client Component Browser:
    ./src/app/crm/invoices/[Id]/
page.tsx [Client Component 
Browser]
    ./src/app/crm/invoices/[Id]/
page.tsx [Server Component]

  Client Component SSR:
    ./src/app/crm/invoices/[Id]/
page.tsx [Client Component SSR]
    ./src/app/crm/invoices/[Id]/
page.tsx [Server Component]

https://nextjs.org/docs/messages
/module-not-found


    at <unknown> (./src/componen
ts/ui/dialog.tsx:4:1)
    at <unknown> (https://nextjs
.org/docs/messages/module-not-fo
und)
    at <unknown> (./src/componen
ts/ui/progress.tsx:3:1)
    at <unknown> (https://nextjs
.org/docs/messages/module-not-fo
und)
    at <unknown> (./src/componen
ts/ui/tabs.tsx:3:1)
    at <unknown> (https://nextjs
.org/docs/messages/module-not-fo
und)
    at <unknown> (./src/app/crm/
invoices/[Id]/page.tsx:10:1)
    at <unknown> (https://nextjs
.org/docs/messages/module-not-fo
und)
    at <unknown> (./src/app/crm/
invoices/[Id]/page.tsx:11:1)
    at <unknown> (https://nextjs
.org/docs/messages/module-not-fo
und)
